[backblue.gif]
[fade.gif]
[index.html]
[curraisnovos.rn.gov.br/wp-content/uploads/2025/05/flavicon.png]
[curraisnovos.rn.gov.br/wp-content/uploads/2025/05/flavicon-150x150.png]
[curraisnovos.rn.gov.br/wp-content/uploads/2025/05/flavicon-300x300.png]
[curraisnovos.rn.gov.br/wp-content/themes/currais-novo-tema-may13/assets/img/brasao.png]
[curraisnovos.rn.gov.br/wp-content/themes/currais-novo-tema-may13/assets/img/logo-horizontal.png]
[curraisnovos.rn.gov.br/wp-content/themes/currais-novo-tema-may13/assets/img/services/esic.png]
[curraisnovos.rn.gov.br/wp-content/themes/currais-novo-tema-may13/assets/img/services/ouvidoria.png]
[curraisnovos.rn.gov.br/wp-content/plugins/accessibility-onetap/assets/images/english.png]
[curraisnovos.rn.gov.br/wp-content/plugins/accessibility-onetap/assets/images/german.png]
[curraisnovos.rn.gov.br/wp-content/plugins/accessibility-onetap/assets/images/spanish.png]
[curraisnovos.rn.gov.br/wp-content/plugins/accessibility-onetap/assets/images/french.png]
[curraisnovos.rn.gov.br/wp-content/plugins/accessibility-onetap/assets/images/italia.png]
[curraisnovos.rn.gov.br/wp-content/plugins/accessibility-onetap/assets/images/poland.png]
[curraisnovos.rn.gov.br/wp-content/plugins/accessibility-onetap/assets/images/swedish.png]
[curraisnovos.rn.gov.br/wp-content/plugins/accessibility-onetap/assets/images/finnland.png]
[curraisnovos.rn.gov.br/wp-content/plugins/accessibility-onetap/assets/images/portugal.png]
[curraisnovos.rn.gov.br/wp-content/plugins/accessibility-onetap/assets/images/rumania.png]
[curraisnovos.rn.gov.br/wp-content/plugins/accessibility-onetap/assets/images/slowenien.png]
[curraisnovos.rn.gov.br/wp-content/plugins/accessibility-onetap/assets/images/slowakia.png]
[curraisnovos.rn.gov.br/wp-content/plugins/accessibility-onetap/assets/images/netherland.png]
[curraisnovos.rn.gov.br/wp-content/plugins/accessibility-onetap/assets/images/danish.png]
[curraisnovos.rn.gov.br/wp-content/plugins/accessibility-onetap/assets/images/greece.png]
[curraisnovos.rn.gov.br/wp-content/plugins/accessibility-onetap/assets/images/czech.png]
[curraisnovos.rn.gov.br/wp-content/plugins/accessibility-onetap/assets/images/hungarian.png]
[curraisnovos.rn.gov.br/wp-content/plugins/accessibility-onetap/assets/images/lithuanian.png]
[curraisnovos.rn.gov.br/wp-content/plugins/accessibility-onetap/assets/images/latvian.png]
[curraisnovos.rn.gov.br/wp-content/plugins/accessibility-onetap/assets/images/estonian.png]
[curraisnovos.rn.gov.br/wp-content/plugins/accessibility-onetap/assets/images/croatia.png]
[curraisnovos.rn.gov.br/wp-content/plugins/accessibility-onetap/assets/images/ireland.png]
[curraisnovos.rn.gov.br/wp-content/plugins/accessibility-onetap/assets/images/bulgarian.png]
[curraisnovos.rn.gov.br/wp-content/plugins/accessibility-onetap/assets/images/icon-drop-down-menu.png]
[curraisnovos.rn.gov.br/secretarias/semtur-2/index.html]
[curraisnovos.rn.gov.br/wp-content/plugins/accessibility-onetap/assets/images/cursor1.png]
[curraisnovos.rn.gov.br/wp-content/plugins/accessibility-onetap/assets/images/cursor2.png]
[curraisnovos.rn.gov.br/wp-content/plugins/accessibility-onetap/assets/images/cursor3.png]
[curraisnovos.rn.gov.br/wp-content/plugins/accessibility-onetap/assets/css/accessibility-onetap-front-end.min3c94.css]
[curraisnovos.rn.gov.br/wp-content/plugins/accessibility-onetap/assets/fonts/eicons/css/elementor-icons.min3c94.css]
[curraisnovos.rn.gov.br/wp-content/themes/currais-novo-tema-may13/assets/img/hero-cidade.jpg]
[curraisnovos.rn.gov.br/wp-content/themes/currais-novo-tema-may13/assets/img/pattern-bg.jpg]
[curraisnovos.rn.gov.br/wp-content/themes/currais-novo-tema-may13/assets/css/main8a54.css]
[curraisnovos.rn.gov.br/wp-content/themes/currais-novo-tema-may13/style8a54.css]
[curraisnovos.rn.gov.br/wp-includes/css/dashicons.mind833.css]
[curraisnovos.rn.gov.br/wp-content/plugins/elementor/assets/css/frontend.min89ce.css]
[curraisnovos.rn.gov.br/wp-content/plugins/essential-addons-for-elementor-lite/assets/front-end/css/view/general.min0bf5.css]
[curraisnovos.rn.gov.br/wp-includes/js/jquery/jquery.minf43b.js]
[curraisnovos.rn.gov.br/wp-includes/js/jquery/jquery-migrate.min5589.js]
[cdn.jsdelivr.net/gh/spbgovbr-vlibras/vlibras-portal@v7.12.2/app/vlibras-plugin.js]
[curraisnovos.rn.gov.br/wp-content/plugins/essential-blocks/assets/js/eb-blocks-localized363.js]
[curraisnovos.rn.gov.br/wp-content/plugins/accessibility-onetap/assets/js/script.min3c94.js]
[curraisnovos.rn.gov.br/wp-content/themes/currais-novo-tema-may13/assets/js/main8a54.js]
[curraisnovos.rn.gov.br/wp-content/plugins/essential-addons-for-elementor-lite/assets/front-end/js/view/general.min0bf5.js]
